// Jest Snapshot v1, https://goo.gl/fbAQLP

exports[`Button test 1`] = `
<button
  className="css-xgfb6h"
  type="button"
>
  test
</button>
`;
