// Jest Snapshot v1, https://goo.gl/fbAQLP

exports[`Input test 1`] = `
<input
  className="css-10s24d6"
/>
`;
